*****************************************************************
      SolidWorks Corporation - IGES Processor Status Report
*****************************************************************
=================================================================
Общая информация
=================================================================
Отправка кода продукта системы: Product5
Получение кода продукта системы: Product5
Имя файла                 : FullAssembly.igs
Отправка системы               : DASSAULT SYSTEMES CATIA V5 R21 - www.3ds.com
Версия препроцессора       : CATIA Version 5 Release 21 SP 6 
Дата создания файла           : 20170124.140821
Дата создания модели          : 20170124.140821
Единицы                        : MM
Масштаб пространства модели            : 1
Автор                       : avandenberghe
Организация                 : DASTUD


=================================================================
Сведения по обработке объекта
=================================================================
ОШИБКА:   #192235, ТИП   120: Не удалось создать поверхность вращения.
ОШИБКА:   #192259, ТИП   120: Не удалось создать поверхность вращения.
ОШИБКА:   #192283, ТИП   120: Не удалось создать поверхность вращения.
ОШИБКА:   #192307, ТИП   120: Не удалось создать поверхность вращения.


=================================================================
Точный анализ файла IGES:
=================================================================
  Преобладающее число значимых знаков:               2
  Наибольшее число значимых знаков:                      3
  Среднее число значимых знаков:                1.60311
  Максимальное расстояние до исходной точки:                          350.005
  Минимальное расстояние до исходной точки:                          1.11803
  Эффективное число значимых знаков:              2.99723


=================================================================
Сводка по объектам
=================================================================
-----------------------------------------------------------------
Тип Имя                                         Количество Преобразован
---- ----                                         ----- ---------
100  Arc                                          15650     15650
102  Composite curve                              13155     13155
104  Conic arc                                      718       718
108  Plane                                          975       975
110  Line                                         35258     35258
116  Point                                            2         2
120  Surface of revolution                         3667      3667
122  Tabulated cylinder                              12        12
124  Transformation matrix                        16527     16527
126  Rational B-spline curve                       8069      8069
128  Rational B-spline surface                     1478      1478
142  Curve on a parametric surface                11666     11666
144  Trimmed parametric surface                   10097     10093
308  Subfigure definition                            68        68
314  Color definition                                 5         5
406  Property                                       145       145
408  Singular subfigure instance                    159       159
_________________________________________________________________


=================================================================
Сводка результатов
=================================================================
Тип элемента SolidWorks                Количество
-----------------------                -----
Твердотельные элементы                       552
Элементы поверхности                     18
Элементы кривой/эскиза                0
--------------------------------------------
Время начала: воскресенье, Октябрь 04, 2020 02:30:09
Время окончания: воскресенье, Октябрь 04, 2020 02:33:53
Время обработки: 0 days, 00 hours, 03 mins, 44 secs
